Archive member included to satisfy reference by file (symbol)

d:/stm32cubeide_1.7.0/stm32cubeide/plugins/com.st.stm32cube.ide.mcu.externaltools.gnu-tools-for-stm32.9-2020-q2-update.win32_2.0.0.202105311346/tools/bin/../lib/gcc/arm-none-eabi/9.3.1/../../../../arm-none-eabi/lib/thumb/v7-m/nofp\libc_nano.a(lib_a-errno.o)
                              ./Core/Src/syscalls.o (__errno)
d:/stm32cubeide_1.7.0/stm32cubeide/plugins/com.st.stm32cube.ide.mcu.externaltools.gnu-tools-for-stm32.9-2020-q2-update.win32_2.0.0.202105311346/tools/bin/../lib/gcc/arm-none-eabi/9.3.1/../../../../arm-none-eabi/lib/thumb/v7-m/nofp\libc_nano.a(lib_a-exit.o)
                              d:/stm32cubeide_1.7.0/stm32cubeide/plugins/com.st.stm32cube.ide.mcu.externaltools.gnu-tools-for-stm32.9-2020-q2-update.win32_2.0.0.202105311346/tools/bin/../lib/gcc/arm-none-eabi/9.3.1/../../../../arm-none-eabi/lib/thumb/v7-m/nofp/crt0.o (exit)
d:/stm32cubeide_1.7.0/stm32cubeide/plugins/com.st.stm32cube.ide.mcu.externaltools.gnu-tools-for-stm32.9-2020-q2-update.win32_2.0.0.202105311346/tools/bin/../lib/gcc/arm-none-eabi/9.3.1/../../../../arm-none-eabi/lib/thumb/v7-m/nofp\libc_nano.a(lib_a-impure.o)
                              d:/stm32cubeide_1.7.0/stm32cubeide/plugins/com.st.stm32cube.ide.mcu.externaltools.gnu-tools-for-stm32.9-2020-q2-update.win32_2.0.0.202105311346/tools/bin/../lib/gcc/arm-none-eabi/9.3.1/../../../../arm-none-eabi/lib/thumb/v7-m/nofp\libc_nano.a(lib_a-exit.o) (_global_impure_ptr)
d:/stm32cubeide_1.7.0/stm32cubeide/plugins/com.st.stm32cube.ide.mcu.externaltools.gnu-tools-for-stm32.9-2020-q2-update.win32_2.0.0.202105311346/tools/bin/../lib/gcc/arm-none-eabi/9.3.1/../../../../arm-none-eabi/lib/thumb/v7-m/nofp\libc_nano.a(lib_a-init.o)
                              d:/stm32cubeide_1.7.0/stm32cubeide/plugins/com.st.stm32cube.ide.mcu.externaltools.gnu-tools-for-stm32.9-2020-q2-update.win32_2.0.0.202105311346/tools/bin/../lib/gcc/arm-none-eabi/9.3.1/../../../../arm-none-eabi/lib/thumb/v7-m/nofp/crt0.o (__libc_init_array)
d:/stm32cubeide_1.7.0/stm32cubeide/plugins/com.st.stm32cube.ide.mcu.externaltools.gnu-tools-for-stm32.9-2020-q2-update.win32_2.0.0.202105311346/tools/bin/../lib/gcc/arm-none-eabi/9.3.1/../../../../arm-none-eabi/lib/thumb/v7-m/nofp\libc_nano.a(lib_a-memset.o)
                              d:/stm32cubeide_1.7.0/stm32cubeide/plugins/com.st.stm32cube.ide.mcu.externaltools.gnu-tools-for-stm32.9-2020-q2-update.win32_2.0.0.202105311346/tools/bin/../lib/gcc/arm-none-eabi/9.3.1/../../../../arm-none-eabi/lib/thumb/v7-m/nofp/crt0.o (memset)

Allocating common symbols
Common symbol       size              file

uwTick              0x4               ./Drivers/STM32F1xx_HAL_Driver/Src/stm32f1xx_hal.o
pFlash              0x20              ./Drivers/STM32F1xx_HAL_Driver/Src/stm32f1xx_hal_flash.o
htim2               0x48              ./Core/Src/main.o

Discarded input sections

 .text          0x0000000000000000        0x0 d:/stm32cubeide_1.7.0/stm32cubeide/plugins/com.st.stm32cube.ide.mcu.externaltools.gnu-tools-for-stm32.9-2020-q2-update.win32_2.0.0.202105311346/tools/bin/../lib/gcc/arm-none-eabi/9.3.1/thumb/v7-m/nofp/crti.o
 .data          0x0000000000000000        0x0 d:/stm32cubeide_1.7.0/stm32cubeide/plugins/com.st.stm32cube.ide.mcu.externaltools.gnu-tools-for-stm32.9-2020-q2-update.win32_2.0.0.202105311346/tools/bin/../lib/gcc/arm-none-eabi/9.3.1/thumb/v7-m/nofp/crti.o
 .bss           0x0000000000000000        0x0 d:/stm32cubeide_1.7.0/stm32cubeide/plugins/com.st.stm32cube.ide.mcu.externaltools.gnu-tools-for-stm32.9-2020-q2-update.win32_2.0.0.202105311346/tools/bin/../lib/gcc/arm-none-eabi/9.3.1/thumb/v7-m/nofp/crti.o
 .data          0x0000000000000000        0x4 d:/stm32cubeide_1.7.0/stm32cubeide/plugins/com.st.stm32cube.ide.mcu.externaltools.gnu-tools-for-stm32.9-2020-q2-update.win32_2.0.0.202105311346/tools/bin/../lib/gcc/arm-none-eabi/9.3.1/thumb/v7-m/nofp/crtbegin.o
 .text          0x0000000000000000       0x7c d:/stm32cubeide_1.7.0/stm32cubeide/plugins/com.st.stm32cube.ide.mcu.externaltools.gnu-tools-for-stm32.9-2020-q2-update.win32_2.0.0.202105311346/tools/bin/../lib/gcc/arm-none-eabi/9.3.1/../../../../arm-none-eabi/lib/thumb/v7-m/nofp/crt0.o
 .data          0x0000000000000000        0x0 d:/stm32cubeide_1.7.0/stm32cubeide/plugins/com.st.stm32cube.ide.mcu.externaltools.gnu-tools-for-stm32.9-2020-q2-update.win32_2.0.0.202105311346/tools/bin/../lib/gcc/arm-none-eabi/9.3.1/../../../../arm-none-eabi/lib/thumb/v7-m/nofp/crt0.o
 .bss           0x0000000000000000        0x0 d:/stm32cubeide_1.7.0/stm32cubeide/plugins/com.st.stm32cube.ide.mcu.externaltools.gnu-tools-for-stm32.9-2020-q2-update.win32_2.0.0.202105311346/tools/bin/../lib/gcc/arm-none-eabi/9.3.1/../../../../arm-none-eabi/lib/thumb/v7-m/nofp/crt0.o
[...]
Memory Configuration

Name             Origin             Length             Attributes
RAM              0x0000000020000000 0x0000000000002800 xrw
FLASH            0x0000000008000000 0x0000000000008000 xr
*default*        0x0000000000000000 0xffffffffffffffff

Linker script and memory map

LOAD d:/stm32cubeide_1.7.0/stm32cubeide/plugins/com.st.stm32cube.ide.mcu.externaltools.gnu-tools-for-stm32.9-2020-q2-update.win32_2.0.0.202105311346/tools/bin/../lib/gcc/arm-none-eabi/9.3.1/thumb/v7-m/nofp/crti.o
LOAD d:/stm32cubeide_1.7.0/stm32cubeide/plugins/com.st.stm32cube.ide.mcu.externaltools.gnu-tools-for-stm32.9-2020-q2-update.win32_2.0.0.202105311346/tools/bin/../lib/gcc/arm-none-eabi/9.3.1/thumb/v7-m/nofp/crtbegin.o
LOAD d:/stm32cubeide_1.7.0/stm32cubeide/plugins/com.st.stm32cube.ide.mcu.externaltools.gnu-tools-for-stm32.9-2020-q2-update.win32_2.0.0.202105311346/tools/bin/../lib/gcc/arm-none-eabi/9.3.1/../../../../arm-none-eabi/lib/thumb/v7-m/nofp/crt0.o
LOAD ./Core/Src/7led.o
LOAD ./Core/Src/button.o
LOAD ./Core/Src/dc.o
LOAD ./Core/Src/fsm_automatic.o
LOAD ./Core/Src/global.o
LOAD ./Core/Src/inc.o
LOAD ./Core/Src/main.o
LOAD ./Core/Src/software_timer.o
LOAD ./Core/Src/stm32f1xx_hal_msp.o
LOAD ./Core/Src/stm32f1xx_it.o
LOAD ./Core/Src/syscalls.o
LOAD ./Core/Src/sysmem.o
LOAD ./Core/Src/system_stm32f1xx.o
LOAD ./Core/Startup/startup_stm32f103c6ux.o
LOAD ./Drivers/STM32F1xx_HAL_Driver/Src/stm32f1xx_hal.o
LOAD ./Drivers/STM32F1xx_HAL_Driver/Src/stm32f1xx_hal_cortex.o
LOAD ./Drivers/STM32F1xx_HAL_Driver/Src/stm32f1xx_hal_dma.o
LOAD ./Drivers/STM32F1xx_HAL_Driver/Src/stm32f1xx_hal_exti.o
LOAD ./Drivers/STM32F1xx_HAL_Driver/Src/stm32f1xx_hal_flash.o
LOAD ./Drivers/STM32F1xx_HAL_Driver/Src/stm32f1xx_hal_flash_ex.o
LOAD ./Drivers/STM32F1xx_HAL_Driver/Src/stm32f1xx_hal_gpio.o
LOAD ./Drivers/STM32F1xx_HAL_Driver/Src/stm32f1xx_hal_gpio_ex.o
LOAD ./Drivers/STM32F1xx_HAL_Driver/Src/stm32f1xx_hal_pwr.o
LOAD ./Drivers/STM32F1xx_HAL_Driver/Src/stm32f1xx_hal_rcc.o
LOAD ./Drivers/STM32F1xx_HAL_Driver/Src/stm32f1xx_hal_rcc_ex.o
LOAD ./Drivers/STM32F1xx_HAL_Driver/Src/stm32f1xx_hal_tim.o
LOAD ./Drivers/STM32F1xx_HAL_Driver/Src/stm32f1xx_hal_tim_ex.o
START GROUP
LOAD d:/stm32cubeide_1.7.0/stm32cubeide/plugins/com.st.stm32cube.ide.mcu.externaltools.gnu-tools-for-stm32.9-2020-q2-update.win32_2.0.0.202105311346/tools/bin/../lib/gcc/arm-none-eabi/9.3.1/../../../../arm-none-eabi/lib/thumb/v7-m/nofp\libc_nano.a
LOAD d:/stm32cubeide_1.7.0/stm32cubeide/plugins/com.st.stm32cube.ide.mcu.externaltools.gnu-tools-for-stm32.9-2020-q2-update.win32_2.0.0.202105311346/tools/bin/../lib/gcc/arm-none-eabi/9.3.1/../../../../arm-none-eabi/lib/thumb/v7-m/nofp\libm.a
END GROUP
START GROUP
LOAD d:/stm32cubeide_1.7.0/stm32cubeide/plugins/com.st.stm32cube.ide.mcu.externaltools.gnu-tools-for-stm32.9-2020-q2-update.win32_2.0.0.202105311346/tools/bin/../lib/gcc/arm-none-eabi/9.3.1/thumb/v7-m/nofp\libgcc.a
LOAD d:/stm32cubeide_1.7.0/stm32cubeide/plugins/com.st.stm32cube.ide.mcu.externaltools.gnu-tools-for-stm32.9-2020-q2-update.win32_2.0.0.202105311346/tools/bin/../lib/gcc/arm-none-eabi/9.3.1/../../../../arm-none-eabi/lib/thumb/v7-m/nofp\libc_nano.a
END GROUP
START GROUP
LOAD d:/stm32cubeide_1.7.0/stm32cubeide/plugins/com.st.stm32cube.ide.mcu.externaltools.gnu-tools-for-stm32.9-2020-q2-update.win32_2.0.0.202105311346/tools/bin/../lib/gcc/arm-none-eabi/9.3.1/thumb/v7-m/nofp\libgcc.a
LOAD d:/stm32cubeide_1.7.0/stm32cubeide/plugins/com.st.stm32cube.ide.mcu.externaltools.gnu-tools-for-stm32.9-2020-q2-update.win32_2.0.0.202105311346/tools/bin/../lib/gcc/arm-none-eabi/9.3.1/../../../../arm-none-eabi/lib/thumb/v7-m/nofp\libc_nano.a
LOAD d:/stm32cubeide_1.7.0/stm32cubeide/plugins/com.st.stm32cube.ide.mcu.externaltools.gnu-tools-for-stm32.9-2020-q2-update.win32_2.0.0.202105311346/tools/bin/../lib/gcc/arm-none-eabi/9.3.1/../../../../arm-none-eabi/lib/thumb/v7-m/nofp\libnosys.a
END GROUP
START GROUP
LOAD d:/stm32cubeide_1.7.0/stm32cubeide/plugins/com.st.stm32cube.ide.mcu.externaltools.gnu-tools-for-stm32.9-2020-q2-update.win32_2.0.0.202105311346/tools/bin/../lib/gcc/arm-none-eabi/9.3.1/thumb/v7-m/nofp\libgcc.a
LOAD d:/stm32cubeide_1.7.0/stm32cubeide/plugins/com.st.stm32cube.ide.mcu.externaltools.gnu-tools-for-stm32.9-2020-q2-update.win32_2.0.0.202105311346/tools/bin/../lib/gcc/arm-none-eabi/9.3.1/../../../../arm-none-eabi/lib/thumb/v7-m/nofp\libc_nano.a
LOAD d:/stm32cubeide_1.7.0/stm32cubeide/plugins/com.st.stm32cube.ide.mcu.externaltools.gnu-tools-for-stm32.9-2020-q2-update.win32_2.0.0.202105311346/tools/bin/../lib/gcc/arm-none-eabi/9.3.1/../../../../arm-none-eabi/lib/thumb/v7-m/nofp\libnosys.a
END GROUP
LOAD d:/stm32cubeide_1.7.0/stm32cubeide/plugins/com.st.stm32cube.ide.mcu.externaltools.gnu-tools-for-stm32.9-2020-q2-update.win32_2.0.0.202105311346/tools/bin/../lib/gcc/arm-none-eabi/9.3.1/thumb/v7-m/nofp/crtend.o
LOAD d:/stm32cubeide_1.7.0/stm32cubeide/plugins/com.st.stm32cube.ide.mcu.externaltools.gnu-tools-for-stm32.9-2020-q2-update.win32_2.0.0.202105311346/tools/bin/../lib/gcc/arm-none-eabi/9.3.1/thumb/v7-m/nofp/crtn.o
                0x0000000020002800                _estack = (ORIGIN (RAM) + LENGTH (RAM))
                0x0000000000000200                _Min_Heap_Size = 0x200
                0x0000000000000400                _Min_Stack_Size = 0x400

.isr_vector     0x0000000008000000      0x10c
                0x0000000008000000                . = ALIGN (0x4)
 *(.isr_vector)
 .isr_vector    0x0000000008000000      0x10c ./Core/Startup/startup_stm32f103c6ux.o
                0x0000000008000000                g_pfnVectors
                0x000000000800010c                . = ALIGN (0x4)

.text           0x000000000800010c     0x2398
                0x000000000800010c                . = ALIGN (0x4)
 *(.text)
 .text          0x000000000800010c       0x40 d:/stm32cubeide_1.7.0/stm32cubeide/plugins/com.st.stm32cube.ide.mcu.externaltools.gnu-tools-for-stm32.9-2020-q2-update.win32_2.0.0.202105311346/tools/bin/../lib/gcc/arm-none-eabi/9.3.1/thumb/v7-m/nofp/crtbegin.o
 *(.text*)
 .text.display7SEG1
                0x000000000800014c      0x388 ./Core/Src/7led.o
                0x000000000800014c                display7SEG1
 .text.isButtonPress
                0x00000000080004d4       0x24 ./Core/Src/button.o
                0x00000000080004d4                isButtonPress
 .text.subKeyProcess
                0x00000000080004f8       0x18 ./Core/Src/button.o
                0x00000000080004f8                subKeyProcess
 .text.getKeyInput
                0x0000000008000510       0xac ./Core/Src/button.o
                0x0000000008000510                getKeyInput
 .text.isDcPress
                0x00000000080005bc       0x24 ./Core/Src/dc.o
                0x00000000080005bc                isDcPress
 .text.subDcProcess
                0x00000000080005e0       0x18 ./Core/Src/dc.o
                0x00000000080005e0                subDcProcess
 .text.getDcInput
                0x00000000080005f8       0xa8 ./Core/Src/dc.o
                0x00000000080005f8                getDcInput
 .text.fsm_automatic_run
                0x00000000080006a0      0x164 ./Core/Src/fsm_automatic.o
                0x00000000080006a0                fsm_automatic_run
 .text.isIncPress
                0x0000000008000804       0x24 ./Core/Src/inc.o
                0x0000000008000804                isIncPress
 .text.subIncProcess
                0x0000000008000828       0x18 ./Core/Src/inc.o
                0x0000000008000828                subIncProcess
 .text.getIncInput
                0x0000000008000840       0xa8 ./Core/Src/inc.o
                0x0000000008000840                getIncInput
 .text.HAL_TIM_PeriodElapsedCallback
                0x00000000080008e8       0x2c ./Core/Src/main.o
                0x00000000080008e8                HAL_TIM_PeriodElapsedCallback
 .text.main     0x0000000008000914       0x30 ./Core/Src/main.o
                0x0000000008000914                main
 .text.SystemClock_Config
                0x0000000008000944       0x76 ./Core/Src/main.o
                0x0000000008000944                SystemClock_Config
 *fill*         0x00000000080009ba        0x2 
 .text.MX_TIM2_Init
                0x00000000080009bc       0x98 ./Core/Src/main.o
 .text.MX_GPIO_Init
                0x0000000008000a54       0x9c ./Core/Src/main.o
 .text.Error_Handler
                0x0000000008000af0        0xa ./Core/Src/main.o
                0x0000000008000af0                Error_Handler
 *fill*         0x0000000008000afa        0x2 
 .text.clearTimer
                0x0000000008000afc       0x20 ./Core/Src/software_timer.o
                0x0000000008000afc                clearTimer
 .text.setTimer1
                0x0000000008000b1c       0x30 ./Core/Src/software_timer.o
                0x0000000008000b1c                setTimer1
 .text.setTimer2
                0x0000000008000b4c       0x30 ./Core/Src/software_timer.o
                0x0000000008000b4c                setTimer2
 .text.display  0x0000000008000b7c       0x48 ./Core/Src/software_timer.o
                0x0000000008000b7c                display
 .text.ledred   0x0000000008000bc4       0x30 ./Core/Src/software_timer.o
                0x0000000008000bc4                ledred
 .text.timerRun
                0x0000000008000bf4       0x3c ./Core/Src/software_timer.o
                0x0000000008000bf4                timerRun
 .text.addTimer2
                0x0000000008000c30       0x34 ./Core/Src/software_timer.o
                0x0000000008000c30                addTimer2
 .text.minusTimer2
                0x0000000008000c64       0x34 ./Core/Src/software_timer.o
                0x0000000008000c64                minusTimer2
 .text.timerRun2
                0x0000000008000c98       0x38 ./Core/Src/software_timer.o
                0x0000000008000c98                timerRun2
 .text.HAL_MspInit
                0x0000000008000cd0       0x64 ./Core/Src/stm32f1xx_hal_msp.o
                0x0000000008000cd0                HAL_MspInit
 .text.HAL_TIM_Base_MspInit
                0x0000000008000d34       0x48 ./Core/Src/stm32f1xx_hal_msp.o
                0x0000000008000d34                HAL_TIM_Base_MspInit
 .text.NMI_Handler
                0x0000000008000d7c        0x6 ./Core/Src/stm32f1xx_it.o
                0x0000000008000d7c                NMI_Handler
 .text.HardFault_Handler
                0x0000000008000d82        0x6 ./Core/Src/stm32f1xx_it.o
                0x0000000008000d82                HardFault_Handler
 .text.MemManage_Handler
                0x0000000008000d88        0x6 ./Core/Src/stm32f1xx_it.o
                0x0000000008000d88                MemManage_Handler
 .text.BusFault_Handler
                0x0000000008000d8e        0x6 ./Core/Src/stm32f1xx_it.o
                0x0000000008000d8e                BusFault_Handler
 .text.UsageFault_Handler
                0x0000000008000d94        0x6 ./Core/Src/stm32f1xx_it.o
                0x0000000008000d94                UsageFault_Handler
 .text.SVC_Handler
                0x0000000008000d9a        0xc ./Core/Src/stm32f1xx_it.o
                0x0000000008000d9a                SVC_Handler
 .text.DebugMon_Handler
                0x0000000008000da6        0xc ./Core/Src/stm32f1xx_it.o
                0x0000000008000da6                DebugMon_Handler
 .text.PendSV_Handler
                0x0000000008000db2        0xc ./Core/Src/stm32f1xx_it.o
                0x0000000008000db2                PendSV_Handler
 .text.SysTick_Handler
                0x0000000008000dbe        0xc ./Core/Src/stm32f1xx_it.o
                0x0000000008000dbe                SysTick_Handler
 *fill*         0x0000000008000dca        0x2 
 .text.TIM2_IRQHandler
                0x0000000008000dcc       0x14 ./Core/Src/stm32f1xx_it.o
                0x0000000008000dcc                TIM2_IRQHandler
 .text.SystemInit
                0x0000000008000de0        0xc ./Core/Src/system_stm32f1xx.o
                0x0000000008000de0                SystemInit
 .text.Reset_Handler
                0x0000000008000dec       0x48 ./Core/Startup/startup_stm32f103c6ux.o
                0x0000000008000dec                Reset_Handler
 .text.Default_Handler
                0x0000000008000e34        0x2 ./Core/Startup/startup_stm32f103c6ux.o
                0x0000000008000e34                RTC_Alarm_IRQHandler
                0x0000000008000e34                EXTI2_IRQHandler
                0x0000000008000e34                TIM1_CC_IRQHandler
                0x0000000008000e34                PVD_IRQHandler
                0x0000000008000e34                EXTI3_IRQHandler
                0x0000000008000e34                EXTI0_IRQHandler
                0x0000000008000e34                ADC1_2_IRQHandler
                0x0000000008000e34                SPI1_IRQHandler
                0x0000000008000e34                TAMPER_IRQHandler
                0x0000000008000e34                DMA1_Channel4_IRQHandler
                0x0000000008000e34                RTC_IRQHandler
                0x0000000008000e34                DMA1_Channel7_IRQHandler
                0x0000000008000e34                CAN1_RX1_IRQHandler
                0x0000000008000e34                I2C1_EV_IRQHandler
                0x0000000008000e34                DMA1_Channel6_IRQHandler
                0x0000000008000e34                TIM3_IRQHandler
                0x0000000008000e34                RCC_IRQHandler
                0x0000000008000e34                TIM1_TRG_COM_IRQHandler
                0x0000000008000e34                DMA1_Channel1_IRQHandler
                0x0000000008000e34                Default_Handler
                0x0000000008000e34                EXTI15_10_IRQHandler
                0x0000000008000e34                EXTI9_5_IRQHandler
                0x0000000008000e34                DMA1_Channel5_IRQHandler
                0x0000000008000e34                EXTI4_IRQHandler
                0x0000000008000e34                USB_LP_CAN1_RX0_IRQHandler
                0x0000000008000e34                USB_HP_CAN1_TX_IRQHandler
                0x0000000008000e34                DMA1_Channel3_IRQHandler
                0x0000000008000e34                TIM1_UP_IRQHandler
                0x0000000008000e34                WWDG_IRQHandler
                0x0000000008000e34                TIM1_BRK_IRQHandler
                0x0000000008000e34                EXTI1_IRQHandler
                0x0000000008000e34                USART2_IRQHandler
                0x0000000008000e34                DMA1_Channel2_IRQHandler
                0x0000000008000e34                CAN1_SCE_IRQHandler
                0x0000000008000e34                FLASH_IRQHandler
                0x0000000008000e34                USART1_IRQHandler
                0x0000000008000e34                I2C1_ER_IRQHandler
                0x0000000008000e34                USBWakeUp_IRQHandler
 *fill*         0x0000000008000e36        0x2 
 .text.HAL_Init
                0x0000000008000e38       0x2c ./Drivers/STM32F1xx_HAL_Driver/Src/stm32f1xx_hal.o
                0x0000000008000e38                HAL_Init
 .text.HAL_InitTick
                0x0000000008000e64       0x60 ./Drivers/STM32F1xx_HAL_Driver/Src/stm32f1xx_hal.o
                0x0000000008000e64                HAL_InitTick
 .text.HAL_IncTick
                0x0000000008000ec4       0x24 ./Drivers/STM32F1xx_HAL_Driver/Src/stm32f1xx_hal.o
                0x0000000008000ec4                HAL_IncTick
 .text.HAL_GetTick
                0x0000000008000ee8       0x14 ./Drivers/STM32F1xx_HAL_Driver/Src/stm32f1xx_hal.o
                0x0000000008000ee8                HAL_GetTick
 .text.__NVIC_SetPriorityGrouping
                0x0000000008000efc       0x48 ./Drivers/STM32F1xx_HAL_Driver/Src/stm32f1xx_hal_cortex.o
 .text.__NVIC_GetPriorityGrouping
                0x0000000008000f44       0x1c ./Drivers/STM32F1xx_HAL_Driver/Src/stm32f1xx_hal_cortex.o
 .text.__NVIC_EnableIRQ
                0x0000000008000f60       0x38 ./Drivers/STM32F1xx_HAL_Driver/Src/stm32f1xx_hal_cortex.o
 .text.__NVIC_SetPriority
                0x0000000008000f98       0x54 ./Drivers/STM32F1xx_HAL_Driver/Src/stm32f1xx_hal_cortex.o
 .text.NVIC_EncodePriority
                0x0000000008000fec       0x64 ./Drivers/STM32F1xx_HAL_Driver/Src/stm32f1xx_hal_cortex.o
 .text.SysTick_Config
                0x0000000008001050       0x44 ./Drivers/STM32F1xx_HAL_Driver/Src/stm32f1xx_hal_cortex.o
 .text.HAL_NVIC_SetPriorityGrouping
                0x0000000008001094       0x16 ./Drivers/STM32F1xx_HAL_Driver/Src/stm32f1xx_hal_cortex.o
                0x0000000008001094                HAL_NVIC_SetPriorityGrouping
 .text.HAL_NVIC_SetPriority
                0x00000000080010aa       0x38 ./Drivers/STM32F1xx_HAL_Driver/Src/stm32f1xx_hal_cortex.o
                0x00000000080010aa                HAL_NVIC_SetPriority
 .text.HAL_NVIC_EnableIRQ
                0x00000000080010e2       0x1c ./Drivers/STM32F1xx_HAL_Driver/Src/stm32f1xx_hal_cortex.o
                0x00000000080010e2                HAL_NVIC_EnableIRQ
 .text.HAL_SYSTICK_Config
                0x00000000080010fe       0x18 ./Drivers/STM32F1xx_HAL_Driver/Src/stm32f1xx_hal_cortex.o
                0x00000000080010fe                HAL_SYSTICK_Config
 *fill*         0x0000000008001116        0x2 
 .text.HAL_GPIO_Init
                0x0000000008001118      0x2f4 ./Drivers/STM32F1xx_HAL_Driver/Src/stm32f1xx_hal_gpio.o
                0x0000000008001118                HAL_GPIO_Init
 .text.HAL_GPIO_ReadPin
                0x000000000800140c       0x2e ./Drivers/STM32F1xx_HAL_Driver/Src/stm32f1xx_hal_gpio.o
                0x000000000800140c                HAL_GPIO_ReadPin
 .text.HAL_GPIO_WritePin
                0x000000000800143a       0x30 ./Drivers/STM32F1xx_HAL_Driver/Src/stm32f1xx_hal_gpio.o
                0x000000000800143a                HAL_GPIO_WritePin
 .text.HAL_GPIO_TogglePin
                0x000000000800146a       0x32 ./Drivers/STM32F1xx_HAL_Driver/Src/stm32f1xx_hal_gpio.o
                0x000000000800146a                HAL_GPIO_TogglePin
 .text.HAL_RCC_OscConfig
                0x000000000800149c      0x500 ./Drivers/STM32F1xx_HAL_Driver/Src/stm32f1xx_hal_rcc.o
                0x000000000800149c                HAL_RCC_OscConfig
 .text.HAL_RCC_ClockConfig
                0x000000000800199c      0x1d4 ./Drivers/STM32F1xx_HAL_Driver/Src/stm32f1xx_hal_rcc.o
                0x000000000800199c                HAL_RCC_ClockConfig
 .text.HAL_RCC_GetSysClockFreq
                0x0000000008001b70       0xc0 ./Drivers/STM32F1xx_HAL_Driver/Src/stm32f1xx_hal_rcc.o
                0x0000000008001b70                HAL_RCC_GetSysClockFreq
 .text.RCC_Delay
                0x0000000008001c30       0x3c ./Drivers/STM32F1xx_HAL_Driver/Src/stm32f1xx_hal_rcc.o
 .text.HAL_TIM_Base_Init
                0x0000000008001c6c       0x9e ./Drivers/STM32F1xx_HAL_Driver/Src/stm32f1xx_hal_tim.o
                0x0000000008001c6c                HAL_TIM_Base_Init
 *fill*         0x0000000008001d0a        0x2 
 .text.HAL_TIM_Base_Start_IT
                0x0000000008001d0c       0x98 ./Drivers/STM32F1xx_HAL_Driver/Src/stm32f1xx_hal_tim.o
                0x0000000008001d0c                HAL_TIM_Base_Start_IT
 .text.HAL_TIM_IRQHandler
                0x0000000008001da4      0x210 ./Drivers/STM32F1xx_HAL_Driver/Src/stm32f1xx_hal_tim.o
                0x0000000008001da4                HAL_TIM_IRQHandler
 .text.HAL_TIM_ConfigClockSource
                0x0000000008001fb4      0x188 ./Drivers/STM32F1xx_HAL_Driver/Src/stm32f1xx_hal_tim.o
                0x0000000008001fb4                HAL_TIM_ConfigClockSource
 .text.HAL_TIM_OC_DelayElapsedCallback
                0x000000000800213c       0x12 ./Drivers/STM32F1xx_HAL_Driver/Src/stm32f1xx_hal_tim.o
                0x000000000800213c                HAL_TIM_OC_DelayElapsedCallback
 .text.HAL_TIM_IC_CaptureCallback
                0x000000000800214e       0x12 ./Drivers/STM32F1xx_HAL_Driver/Src/stm32f1xx_hal_tim.o
                0x000000000800214e                HAL_TIM_IC_CaptureCallback
 .text.HAL_TIM_PWM_PulseFinishedCallback
                0x0000000008002160       0x12 ./Drivers/STM32F1xx_HAL_Driver/Src/stm32f1xx_hal_tim.o
                0x0000000008002160                HAL_TIM_PWM_PulseFinishedCallback
 .text.HAL_TIM_TriggerCallback
                0x0000000008002172       0x12 ./Drivers/STM32F1xx_HAL_Driver/Src/stm32f1xx_hal_tim.o
                0x0000000008002172                HAL_TIM_TriggerCallback
 .text.TIM_Base_SetConfig
                0x0000000008002184       0xb0 ./Drivers/STM32F1xx_HAL_Driver/Src/stm32f1xx_hal_tim.o
                0x0000000008002184                TIM_Base_SetConfig
 .text.TIM_TI1_ConfigInputStage
                0x0000000008002234       0x5c ./Drivers/STM32F1xx_HAL_Driver/Src/stm32f1xx_hal_tim.o
 .text.TIM_TI2_ConfigInputStage
                0x0000000008002290       0x5e ./Drivers/STM32F1xx_HAL_Driver/Src/stm32f1xx_hal_tim.o
 .text.TIM_ITRx_SetConfig
                0x00000000080022ee       0x34 ./Drivers/STM32F1xx_HAL_Driver/Src/stm32f1xx_hal_tim.o
 .text.TIM_ETR_SetConfig
                0x0000000008002322       0x3e ./Drivers/STM32F1xx_HAL_Driver/Src/stm32f1xx_hal_tim.o
                0x0000000008002322                TIM_ETR_SetConfig
 .text.HAL_TIMEx_MasterConfigSynchronization
                0x0000000008002360       0xb0 ./Drivers/STM32F1xx_HAL_Driver/Src/stm32f1xx_hal_tim_ex.o
                0x0000000008002360                HAL_TIMEx_MasterConfigSynchronization
 .text.HAL_TIMEx_CommutCallback
                0x0000000008002410       0x12 ./Drivers/STM32F1xx_HAL_Driver/Src/stm32f1xx_hal_tim_ex.o
                0x0000000008002410                HAL_TIMEx_CommutCallback
 .text.HAL_TIMEx_BreakCallback
                0x0000000008002422       0x12 ./Drivers/STM32F1xx_HAL_Driver/Src/stm32f1xx_hal_tim_ex.o
                0x0000000008002422                HAL_TIMEx_BreakCallback
 .text.__libc_init_array
                0x0000000008002434       0x48 d:/stm32cubeide_1.7.0/stm32cubeide/plugins/com.st.stm32cube.ide.mcu.externaltools.gnu-tools-for-stm32.9-2020-q2-update.win32_2.0.0.202105311346/tools/bin/../lib/gcc/arm-none-eabi/9.3.1/../../../../arm-none-eabi/lib/thumb/v7-m/nofp\libc_nano.a(lib_a-init.o)
                0x0000000008002434                __libc_init_array
 .text.memset   0x000000000800247c       0x10 d:/stm32cubeide_1.7.0/stm32cubeide/plugins/com.st.stm32cube.ide.mcu.externaltools.gnu-tools-for-stm32.9-2020-q2-update.win32_2.0.0.202105311346/tools/bin/../lib/gcc/arm-none-eabi/9.3.1/../../../../arm-none-eabi/lib/thumb/v7-m/nofp\libc_nano.a(lib_a-memset.o)
                0x000000000800247c                memset
 *(.glue_7)
 .glue_7        0x000000000800248c        0x0 linker stubs
 *(.glue_7t)
 .glue_7t       0x000000000800248c        0x0 linker stubs
 *(.eh_frame)
 .eh_frame      0x000000000800248c        0x0 d:/stm32cubeide_1.7.0/stm32cubeide/plugins/com.st.stm32cube.ide.mcu.externaltools.gnu-tools-for-stm32.9-2020-q2-update.win32_2.0.0.202105311346/tools/bin/../lib/gcc/arm-none-eabi/9.3.1/thumb/v7-m/nofp/crtbegin.o
 *(.init)
 .init          0x000000000800248c        0x4 d:/stm32cubeide_1.7.0/stm32cubeide/plugins/com.st.stm32cube.ide.mcu.externaltools.gnu-tools-for-stm32.9-2020-q2-update.win32_2.0.0.202105311346/tools/bin/../lib/gcc/arm-none-eabi/9.3.1/thumb/v7-m/nofp/crti.o
                0x000000000800248c                _init
 .init          0x0000000008002490        0x8 d:/stm32cubeide_1.7.0/stm32cubeide/plugins/com.st.stm32cube.ide.mcu.externaltools.gnu-tools-for-stm32.9-2020-q2-update.win32_2.0.0.202105311346/tools/bin/../lib/gcc/arm-none-eabi/9.3.1/thumb/v7-m/nofp/crtn.o
 *(.fini)
 .fini          0x0000000008002498        0x4 d:/stm32cubeide_1.7.0/stm32cubeide/plugins/com.st.stm32cube.ide.mcu.externaltools.gnu-tools-for-stm32.9-2020-q2-update.win32_2.0.0.202105311346/tools/bin/../lib/gcc/arm-none-eabi/9.3.1/thumb/v7-m/nofp/crti.o
                0x0000000008002498                _fini
 .fini          0x000000000800249c        0x8 d:/stm32cubeide_1.7.0/stm32cubeide/plugins/com.st.stm32cube.ide.mcu.externaltools.gnu-tools-for-stm32.9-2020-q2-update.win32_2.0.0.202105311346/tools/bin/../lib/gcc/arm-none-eabi/9.3.1/thumb/v7-m/nofp/crtn.o
                0x00000000080024a4                . = ALIGN (0x4)
                0x00000000080024a4                _etext = .

.vfp11_veneer   0x00000000080024a4        0x0
 .vfp11_veneer  0x00000000080024a4        0x0 linker stubs

.v4_bx          0x00000000080024a4        0x0
 .v4_bx         0x00000000080024a4        0x0 linker stubs

.iplt           0x00000000080024a4        0x0
 .iplt          0x00000000080024a4        0x0 d:/stm32cubeide_1.7.0/stm32cubeide/plugins/com.st.stm32cube.ide.mcu.externaltools.gnu-tools-for-stm32.9-2020-q2-update.win32_2.0.0.202105311346/tools/bin/../lib/gcc/arm-none-eabi/9.3.1/thumb/v7-m/nofp/crtbegin.o

.rodata         0x00000000080024a4       0x20
                0x00000000080024a4                . = ALIGN (0x4)
 *(.rodata)
 .rodata        0x00000000080024a4       0x10 ./Drivers/STM32F1xx_HAL_Driver/Src/stm32f1xx_hal_rcc.o
 *(.rodata*)
 .rodata.AHBPrescTable
                0x00000000080024b4       0x10 ./Core/Src/system_stm32f1xx.o
                0x00000000080024b4                AHBPrescTable
                0x00000000080024c4                . = ALIGN (0x4)

.rel.dyn        0x00000000080024c4        0x0
 .rel.iplt      0x00000000080024c4        0x0 d:/stm32cubeide_1.7.0/stm32cubeide/plugins/com.st.stm32cube.ide.mcu.externaltools.gnu-tools-for-stm32.9-2020-q2-update.win32_2.0.0.202105311346/tools/bin/../lib/gcc/arm-none-eabi/9.3.1/thumb/v7-m/nofp/crtbegin.o

.ARM.extab      0x00000000080024c4        0x0
                0x00000000080024c4                . = ALIGN (0x4)
 *(.ARM.extab* .gnu.linkonce.armextab.*)
                0x00000000080024c4                . = ALIGN (0x4)

.ARM            0x00000000080024c4        0x0
                0x00000000080024c4                . = ALIGN (0x4)
                0x00000000080024c4                __exidx_start = .
 *(.ARM.exidx*)
                0x00000000080024c4                __exidx_end = .
                0x00000000080024c4                . = ALIGN (0x4)

.preinit_array  0x00000000080024c4        0x0
                0x00000000080024c4                . = ALIGN (0x4)
                0x00000000080024c4                PROVIDE (__preinit_array_start = .)
 *(.preinit_array*)
                0x00000000080024c4                PROVIDE (__preinit_array_end = .)
                0x00000000080024c4                . = ALIGN (0x4)

.init_array     0x00000000080024c4        0x4
                0x00000000080024c4                . = ALIGN (0x4)
                0x00000000080024c4                PROVIDE (__init_array_start = .)
 *(SORT_BY_NAME(.init_array.*))
 *(.init_array*)
 .init_array    0x00000000080024c4        0x4 d:/stm32cubeide_1.7.0/stm32cubeide/plugins/com.st.stm32cube.ide.mcu.externaltools.gnu-tools-for-stm32.9-2020-q2-update.win32_2.0.0.202105311346/tools/bin/../lib/gcc/arm-none-eabi/9.3.1/thumb/v7-m/nofp/crtbegin.o
                0x00000000080024c8                PROVIDE (__init_array_end = .)
                0x00000000080024c8                . = ALIGN (0x4)

.fini_array     0x00000000080024c8        0x4
                0x00000000080024c8                . = ALIGN (0x4)
                [!provide]                        PROVIDE (__fini_array_start = .)
 *(SORT_BY_NAME(.fini_array.*))
 *(.fini_array*)
 .fini_array    0x00000000080024c8        0x4 d:/stm32cubeide_1.7.0/stm32cubeide/plugins/com.st.stm32cube.ide.mcu.externaltools.gnu-tools-for-stm32.9-2020-q2-update.win32_2.0.0.202105311346/tools/bin/../lib/gcc/arm-none-eabi/9.3.1/thumb/v7-m/nofp/crtbegin.o
                [!provide]                        PROVIDE (__fini_array_end = .)
                0x00000000080024cc                . = ALIGN (0x4)
                0x00000000080024cc                _sidata = LOADADDR (.data)

.data           0x0000000020000000       0x4c load address 0x00000000080024cc
                0x0000000020000000                . = ALIGN (0x4)
                0x0000000020000000                _sdata = .
 *(.data)
 *(.data*)
 .data.keyReg0  0x0000000020000000        0x4 ./Core/Src/button.o
                0x0000000020000000                keyReg0
 .data.keyReg1  0x0000000020000004        0x4 ./Core/Src/button.o
                0x0000000020000004                keyReg1
 .data.keyReg2  0x0000000020000008        0x4 ./Core/Src/button.o
                0x0000000020000008                keyReg2
 .data.keyReg3  0x000000002000000c        0x4 ./Core/Src/button.o
                0x000000002000000c                keyReg3
 .data.timeForKeyPress
                0x0000000020000010        0x4 ./Core/Src/button.o
                0x0000000020000010                timeForKeyPress
 .data.keyReg0Dc
                0x0000000020000014        0x4 ./Core/Src/dc.o
                0x0000000020000014                keyReg0Dc
 .data.keyReg1Dc
                0x0000000020000018        0x4 ./Core/Src/dc.o
                0x0000000020000018                keyReg1Dc
 .data.keyReg2Dc
                0x000000002000001c        0x4 ./Core/Src/dc.o
                0x000000002000001c                keyReg2Dc
 .data.keyReg3Dc
                0x0000000020000020        0x4 ./Core/Src/dc.o
                0x0000000020000020                keyReg3Dc
 .data.timeForKeyPressDc
                0x0000000020000024        0x4 ./Core/Src/dc.o
                0x0000000020000024                timeForKeyPressDc
 .data.keyReg0Inc
                0x0000000020000028        0x4 ./Core/Src/inc.o
                0x0000000020000028                keyReg0Inc
 .data.keyReg1Inc
                0x000000002000002c        0x4 ./Core/Src/inc.o
                0x000000002000002c                keyReg1Inc
 .data.keyReg2Inc
                0x0000000020000030        0x4 ./Core/Src/inc.o
                0x0000000020000030                keyReg2Inc
 .data.keyReg3Inc
                0x0000000020000034        0x4 ./Core/Src/inc.o
                0x0000000020000034                keyReg3Inc
 .data.timeForKeyPressInc
                0x0000000020000038        0x4 ./Core/Src/inc.o
                0x0000000020000038                timeForKeyPressInc
 .data.led_red  0x000000002000003c        0x4 ./Core/Src/software_timer.o
                0x000000002000003c                led_red
 .data.SystemCoreClock
                0x0000000020000040        0x4 ./Core/Src/system_stm32f1xx.o
                0x0000000020000040                SystemCoreClock
 .data.uwTickPrio
                0x0000000020000044        0x4 ./Drivers/STM32F1xx_HAL_Driver/Src/stm32f1xx_hal.o
                0x0000000020000044                uwTickPrio
 .data.uwTickFreq
                0x0000000020000048        0x1 ./Drivers/STM32F1xx_HAL_Driver/Src/stm32f1xx_hal.o
                0x0000000020000048                uwTickFreq
 *(.RamFunc)
 *(.RamFunc*)
                0x000000002000004c                . = ALIGN (0x4)
 *fill*         0x0000000020000049        0x3 
                0x000000002000004c                _edata = .

.igot.plt       0x000000002000004c        0x0 load address 0x0000000008002518
 .igot.plt      0x000000002000004c        0x0 d:/stm32cubeide_1.7.0/stm32cubeide/plugins/com.st.stm32cube.ide.mcu.externaltools.gnu-tools-for-stm32.9-2020-q2-update.win32_2.0.0.202105311346/tools/bin/../lib/gcc/arm-none-eabi/9.3.1/thumb/v7-m/nofp/crtbegin.o
                0x000000002000004c                . = ALIGN (0x4)

.bss            0x000000002000004c       0x84 load address 0x0000000008002518
                0x000000002000004c                _sbss = .
                0x000000002000004c                __bss_start__ = _sbss
 *(.bss)
 .bss           0x000000002000004c       0x1c d:/stm32cubeide_1.7.0/stm32cubeide/plugins/com.st.stm32cube.ide.mcu.externaltools.gnu-tools-for-stm32.9-2020-q2-update.win32_2.0.0.202105311346/tools/bin/../lib/gcc/arm-none-eabi/9.3.1/thumb/v7-m/nofp/crtbegin.o
 *(.bss*)
 .bss.button_flag
                0x0000000020000068        0x4 ./Core/Src/button.o
                0x0000000020000068                button_flag
 .bss.button_flagDc
                0x000000002000006c        0x4 ./Core/Src/dc.o
                0x000000002000006c                button_flagDc
 .bss.status    0x0000000020000070        0x4 ./Core/Src/global.o
                0x0000000020000070                status
 .bss.button_flagInc
                0x0000000020000074        0x4 ./Core/Src/inc.o
                0x0000000020000074                button_flagInc
 .bss.timer1_counter
                0x0000000020000078        0x4 ./Core/Src/software_timer.o
                0x0000000020000078                timer1_counter
 .bss.timer2_counter
                0x000000002000007c        0x4 ./Core/Src/software_timer.o
                0x000000002000007c                timer2_counter
 .bss.timer1_flag
                0x0000000020000080        0x4 ./Core/Src/software_timer.o
                0x0000000020000080                timer1_flag
 *(COMMON)
 COMMON         0x0000000020000084       0x48 ./Core/Src/main.o
                0x0000000020000084                htim2
 COMMON         0x00000000200000cc        0x4 ./Drivers/STM32F1xx_HAL_Driver/Src/stm32f1xx_hal.o
                0x00000000200000cc                uwTick
                0x00000000200000d0                . = ALIGN (0x4)
                0x00000000200000d0                _ebss = .
                0x00000000200000d0                __bss_end__ = _ebss

._user_heap_stack
                0x00000000200000d0      0x600 load address 0x0000000008002518
                0x00000000200000d0                . = ALIGN (0x8)
                [!provide]                        PROVIDE (end = .)
                0x00000000200000d0                PROVIDE (_end = .)
                0x00000000200002d0                . = (. + _Min_Heap_Size)
 *fill*         0x00000000200000d0      0x200 
                0x00000000200006d0                . = (. + _Min_Stack_Size)
 *fill*         0x00000000200002d0      0x400 
                0x00000000200006d0                . = ALIGN (0x8)

/DISCARD/
 libc.a(*)
 libm.a(*)
 libgcc.a(*)

.ARM.attributes
                0x0000000000000000       0x29
 *(.ARM.attributes)
 .ARM.attributes
                0x0000000000000000       0x1d d:/stm32cubeide_1.7.0/stm32cubeide/plugins/com.st.stm32cube.ide.mcu.externaltools.gnu-tools-for-stm32.9-2020-q2-update.win32_2.0.0.202105311346/tools/bin/../lib/gcc/arm-none-eabi/9.3.1/thumb/v7-m/nofp/crti.o
 .ARM.attributes
                0x000000000000001d       0x2d d:/stm32cubeide_1.7.0/stm32cubeide/plugins/com.st.stm32cube.ide.mcu.externaltools.gnu-tools-for-stm32.9-2020-q2-update.win32_2.0.0.202105311346/tools/bin/../lib/gcc/arm-none-eabi/9.3.1/thumb/v7-m/nofp/crtbegin.o
 .ARM.attributes
                0x000000000000004a       0x2d ./Core/Src/7led.o
 .ARM.attributes
                0x0000000000000077       0x2d ./Core/Src/button.o
 .ARM.attributes
                0x00000000000000a4       0x2d ./Core/Src/dc.o
 .ARM.attributes
                0x00000000000000d1       0x2d ./Core/Src/fsm_automatic.o
 .ARM.attributes
                0x00000000000000fe       0x33 ./Core/Src/global.o
 .ARM.attributes
                0x0000000000000131       0x2d ./Core/Src/inc.o
 .ARM.attributes
                0x000000000000015e       0x2d ./Core/Src/main.o
 .ARM.attributes
                0x000000000000018b       0x2d ./Core/Src/software_timer.o
 .ARM.attributes
                0x00000000000001b8       0x2d ./Core/Src/stm32f1xx_hal_msp.o
 .ARM.attributes
                0x00000000000001e5       0x2d ./Core/Src/stm32f1xx_it.o
 .ARM.attributes
                0x0000000000000212       0x2d ./Core/Src/system_stm32f1xx.o
 .ARM.attributes
                0x000000000000023f       0x21 ./Core/Startup/startup_stm32f103c6ux.o
 .ARM.attributes
                0x0000000000000260       0x2d ./Drivers/STM32F1xx_HAL_Driver/Src/stm32f1xx_hal.o
 .ARM.attributes
                0x000000000000028d       0x2d ./Drivers/STM32F1xx_HAL_Driver/Src/stm32f1xx_hal_cortex.o
 .ARM.attributes
                0x00000000000002ba       0x2d ./Drivers/STM32F1xx_HAL_Driver/Src/stm32f1xx_hal_gpio.o
 .ARM.attributes
                0x00000000000002e7       0x2d ./Drivers/STM32F1xx_HAL_Driver/Src/stm32f1xx_hal_rcc.o
 .ARM.attributes
                0x0000000000000314       0x2d ./Drivers/STM32F1xx_HAL_Driver/Src/stm32f1xx_hal_tim.o
 .ARM.attributes
                0x0000000000000341       0x2d ./Drivers/STM32F1xx_HAL_Driver/Src/stm32f1xx_hal_tim_ex.o
 .ARM.attributes
                0x000000000000036e       0x2d d:/stm32cubeide_1.7.0/stm32cubeide/plugins/com.st.stm32cube.ide.mcu.externaltools.gnu-tools-for-stm32.9-2020-q2-update.win32_2.0.0.202105311346/tools/bin/../lib/gcc/arm-none-eabi/9.3.1/../../../../arm-none-eabi/lib/thumb/v7-m/nofp\libc_nano.a(lib_a-init.o)
 .ARM.attributes
                0x000000000000039b       0x2d d:/stm32cubeide_1.7.0/stm32cubeide/plugins/com.st.stm32cube.ide.mcu.externaltools.gnu-tools-for-stm32.9-2020-q2-update.win32_2.0.0.202105311346/tools/bin/../lib/gcc/arm-none-eabi/9.3.1/../../../../arm-none-eabi/lib/thumb/v7-m/nofp\libc_nano.a(lib_a-memset.o)
 .ARM.attributes
                0x00000000000003c8       0x1d d:/stm32cubeide_1.7.0/stm32cubeide/plugins/com.st.stm32cube.ide.mcu.externaltools.gnu-tools-for-stm32.9-2020-q2-update.win32_2.0.0.202105311346/tools/bin/../lib/gcc/arm-none-eabi/9.3.1/thumb/v7-m/nofp/crtn.o
OUTPUT(mid_terna.elf elf32-littlearm)
LOAD linker stubs
LOAD d:/stm32cubeide_1.7.0/stm32cubeide/plugins/com.st.stm32cube.ide.mcu.externaltools.gnu-tools-for-stm32.9-2020-q2-update.win32_2.0.0.202105311346/tools/bin/../lib/gcc/arm-none-eabi/9.3.1/../../../../arm-none-eabi/lib/thumb/v7-m/nofp\libc.a
LOAD d:/stm32cubeide_1.7.0/stm32cubeide/plugins/com.st.stm32cube.ide.mcu.externaltools.gnu-tools-for-stm32.9-2020-q2-update.win32_2.0.0.202105311346/tools/bin/../lib/gcc/arm-none-eabi/9.3.1/../../../../arm-none-eabi/lib/thumb/v7-m/nofp\libm.a
LOAD d:/stm32cubeide_1.7.0/stm32cubeide/plugins/com.st.stm32cube.ide.mcu.externaltools.gnu-tools-for-stm32.9-2020-q2-update.win32_2.0.0.202105311346/tools/bin/../lib/gcc/arm-none-eabi/9.3.1/thumb/v7-m/nofp\libgcc.a

.debug_info     0x0000000000000000     0x9375
 .debug_info    0x0000000000000000      0x267 ./Core/Src/7led.o
 .debug_info    0x0000000000000267      0x2d3 ./Core/Src/button.o
 .debug_info    0x000000000000053a      0x2d3 ./Core/Src/dc.o
 .debug_info    0x000000000000080d      0x1aa ./Core/Src/fsm_automatic.o
 .debug_info    0x00000000000009b7      0x19e ./Core/Src/global.o
 .debug_info    0x0000000000000b55      0x2d3 ./Core/Src/inc.o
 .debug_info    0x0000000000000e28      0xba6 ./Core/Src/main.o
 .debug_info    0x00000000000019ce      0x35c ./Core/Src/software_timer.o
 .debug_info    0x0000000000001d2a      0xa04 ./Core/Src/stm32f1xx_hal_msp.o
 .debug_info    0x000000000000272e      0x7b4 ./Core/Src/stm32f1xx_it.o
 .debug_info    0x0000000000002ee2      0x2be ./Core/Src/system_stm32f1xx.o
 .debug_info    0x00000000000031a0       0x22 ./Core/Startup/startup_stm32f103c6ux.o
 .debug_info    0x00000000000031c2      0x74c ./Drivers/STM32F1xx_HAL_Driver/Src/stm32f1xx_hal.o
 .debug_info    0x000000000000390e      0xbbe ./Drivers/STM32F1xx_HAL_Driver/Src/stm32f1xx_hal_cortex.o
 .debug_info    0x00000000000044cc      0x701 ./Drivers/STM32F1xx_HAL_Driver/Src/stm32f1xx_hal_gpio.o
 .debug_info    0x0000000000004bcd      0x88e ./Drivers/STM32F1xx_HAL_Driver/Src/stm32f1xx_hal_rcc.o
 .debug_info    0x000000000000545b     0x2a45 ./Drivers/STM32F1xx_HAL_Driver/Src/stm32f1xx_hal_tim.o
 .debug_info    0x0000000000007ea0     0x14d5 ./Drivers/STM32F1xx_HAL_Driver/Src/stm32f1xx_hal_tim_ex.o

.debug_abbrev   0x0000000000000000     0x1c7b
 .debug_abbrev  0x0000000000000000      0x109 ./Core/Src/7led.o
 .debug_abbrev  0x0000000000000109      0x13b ./Core/Src/button.o
 .debug_abbrev  0x0000000000000244      0x13b ./Core/Src/dc.o
 .debug_abbrev  0x000000000000037f       0xb6 ./Core/Src/fsm_automatic.o
 .debug_abbrev  0x0000000000000435       0xa9 ./Core/Src/global.o
 .debug_abbrev  0x00000000000004de      0x13b ./Core/Src/inc.o
 .debug_abbrev  0x0000000000000619      0x22c ./Core/Src/main.o
 .debug_abbrev  0x0000000000000845      0x18a ./Core/Src/software_timer.o
 .debug_abbrev  0x00000000000009cf      0x1b7 ./Core/Src/stm32f1xx_hal_msp.o
 .debug_abbrev  0x0000000000000b86      0x176 ./Core/Src/stm32f1xx_it.o
 .debug_abbrev  0x0000000000000cfc      0x14e ./Core/Src/system_stm32f1xx.o
 .debug_abbrev  0x0000000000000e4a       0x12 ./Core/Startup/startup_stm32f103c6ux.o
 .debug_abbrev  0x0000000000000e5c      0x1ed ./Drivers/STM32F1xx_HAL_Driver/Src/stm32f1xx_hal.o
 .debug_abbrev  0x0000000000001049      0x313 ./Drivers/STM32F1xx_HAL_Driver/Src/stm32f1xx_hal_cortex.o
 .debug_abbrev  0x000000000000135c      0x1e8 ./Drivers/STM32F1xx_HAL_Driver/Src/stm32f1xx_hal_gpio.o
 .debug_abbrev  0x0000000000001544      0x273 ./Drivers/STM32F1xx_HAL_Driver/Src/stm32f1xx_hal_rcc.o
 .debug_abbrev  0x00000000000017b7      0x25e ./Drivers/STM32F1xx_HAL_Driver/Src/stm32f1xx_hal_tim.o
 .debug_abbrev  0x0000000000001a15      0x266 ./Drivers/STM32F1xx_HAL_Driver/Src/stm32f1xx_hal_tim_ex.o

.debug_aranges  0x0000000000000000      0xa78
 .debug_aranges
                0x0000000000000000       0x20 ./Core/Src/7led.o
 .debug_aranges
                0x0000000000000020       0x30 ./Core/Src/button.o
 .debug_aranges
                0x0000000000000050       0x30 ./Core/Src/dc.o
 .debug_aranges
                0x0000000000000080       0x20 ./Core/Src/fsm_automatic.o
 .debug_aranges
                0x00000000000000a0       0x18 ./Core/Src/global.o
 .debug_aranges
                0x00000000000000b8       0x30 ./Core/Src/inc.o
 .debug_aranges
                0x00000000000000e8       0x48 ./Core/Src/main.o
 .debug_aranges
                0x0000000000000130       0x60 ./Core/Src/software_timer.o
 .debug_aranges
                0x0000000000000190       0x30 ./Core/Src/stm32f1xx_hal_msp.o
 .debug_aranges
                0x00000000000001c0       0x68 ./Core/Src/stm32f1xx_it.o
 .debug_aranges
                0x0000000000000228       0x28 ./Core/Src/system_stm32f1xx.o
 .debug_aranges
                0x0000000000000250       0x28 ./Core/Startup/startup_stm32f103c6ux.o
 .debug_aranges
                0x0000000000000278       0xe0 ./Drivers/STM32F1xx_HAL_Driver/Src/stm32f1xx_hal.o
 .debug_aranges
                0x0000000000000358      0x100 ./Drivers/STM32F1xx_HAL_Driver/Src/stm32f1xx_hal_cortex.o
 .debug_aranges
                0x0000000000000458       0x58 ./Drivers/STM32F1xx_HAL_Driver/Src/stm32f1xx_hal_gpio.o
 .debug_aranges
                0x00000000000004b0       0x90 ./Drivers/STM32F1xx_HAL_Driver/Src/stm32f1xx_hal_rcc.o
 .debug_aranges
                0x0000000000000540      0x3d0 ./Drivers/STM32F1xx_HAL_Driver/Src/stm32f1xx_hal_tim.o
 .debug_aranges
                0x0000000000000910      0x168 ./Drivers/STM32F1xx_HAL_Driver/Src/stm32f1xx_hal_tim_ex.o

.debug_ranges   0x0000000000000000      0x958
 .debug_ranges  0x0000000000000000       0x10 ./Core/Src/7led.o
 .debug_ranges  0x0000000000000010       0x20 ./Core/Src/button.o
 .debug_ranges  0x0000000000000030       0x20 ./Core/Src/dc.o
 .debug_ranges  0x0000000000000050       0x10 ./Core/Src/fsm_automatic.o
 .debug_ranges  0x0000000000000060       0x20 ./Core/Src/inc.o
 .debug_ranges  0x0000000000000080       0x38 ./Core/Src/main.o
 .debug_ranges  0x00000000000000b8       0x50 ./Core/Src/software_timer.o
 .debug_ranges  0x0000000000000108       0x20 ./Core/Src/stm32f1xx_hal_msp.o
 .debug_ranges  0x0000000000000128       0x58 ./Core/Src/stm32f1xx_it.o
 .debug_ranges  0x0000000000000180       0x18 ./Core/Src/system_stm32f1xx.o
 .debug_ranges  0x0000000000000198       0x20 ./Core/Startup/startup_stm32f103c6ux.o
 .debug_ranges  0x00000000000001b8       0xd0 ./Drivers/STM32F1xx_HAL_Driver/Src/stm32f1xx_hal.o
 .debug_ranges  0x0000000000000288       0xf0 ./Drivers/STM32F1xx_HAL_Driver/Src/stm32f1xx_hal_cortex.o
 .debug_ranges  0x0000000000000378       0x48 ./Drivers/STM32F1xx_HAL_Driver/Src/stm32f1xx_hal_gpio.o
 .debug_ranges  0x00000000000003c0       0x80 ./Drivers/STM32F1xx_HAL_Driver/Src/stm32f1xx_hal_rcc.o
 .debug_ranges  0x0000000000000440      0x3c0 ./Drivers/STM32F1xx_HAL_Driver/Src/stm32f1xx_hal_tim.o
 .debug_ranges  0x0000000000000800      0x158 ./Drivers/STM32F1xx_HAL_Driver/Src/stm32f1xx_hal_tim_ex.o

.debug_macro    0x0000000000000000    0x1700a
 .debug_macro   0x0000000000000000      0x1eb ./Core/Src/7led.o
 .debug_macro   0x00000000000001eb      0xa9c ./Core/Src/7led.o
 .debug_macro   0x0000000000000c87      0x215 ./Core/Src/7led.o
 .debug_macro   0x0000000000000e9c       0x2e ./Core/Src/7led.o
 .debug_macro   0x0000000000000eca       0x22 ./Core/Src/7led.o
 .debug_macro   0x0000000000000eec       0x22 ./Core/Src/7led.o
 .debug_macro   0x0000000000000f0e       0x8e ./Core/Src/7led.o
 .debug_macro   0x0000000000000f9c       0x51 ./Core/Src/7led.o
 .debug_macro   0x0000000000000fed      0x103 ./Core/Src/7led.o
 .debug_macro   0x00000000000010f0       0x6a ./Core/Src/7led.o
 .debug_macro   0x000000000000115a      0x1df ./Core/Src/7led.o
 .debug_macro   0x0000000000001339       0x1c ./Core/Src/7led.o
 .debug_macro   0x0000000000001355       0x22 ./Core/Src/7led.o
 .debug_macro   0x0000000000001377       0xc3 ./Core/Src/7led.o
 .debug_macro   0x000000000000143a      0xd23 ./Core/Src/7led.o
 .debug_macro   0x000000000000215d     0xde75 ./Core/Src/7led.o
 .debug_macro   0x000000000000ffd2       0x6d ./Core/Src/7led.o
 .debug_macro   0x000000000001003f     0x3468 ./Core/Src/7led.o
 .debug_macro   0x00000000000134a7      0x174 ./Core/Src/7led.o
 .debug_macro   0x000000000001361b       0x5c ./Core/Src/7led.o
 .debug_macro   0x0000000000013677      0x5be ./Core/Src/7led.o
 .debug_macro   0x0000000000013c35      0x1b7 ./Core/Src/7led.o
 .debug_macro   0x0000000000013dec      0x1cb ./Core/Src/7led.o
 .debug_macro   0x0000000000013fb7      0x114 ./Core/Src/7led.o
 .debug_macro   0x00000000000140cb      0x1b2 ./Core/Src/7led.o
 .debug_macro   0x000000000001427d       0x27 ./Core/Src/7led.o
 .debug_macro   0x00000000000142a4      0x12f ./Core/Src/7led.o
 .debug_macro   0x00000000000143d3      0x1bc ./Core/Src/7led.o
 .debug_macro   0x000000000001458f       0x34 ./Core/Src/7led.o
 .debug_macro   0x00000000000145c3       0x3c ./Core/Src/7led.o
 .debug_macro   0x00000000000145ff       0x57 ./Core/Src/7led.o
 .debug_macro   0x0000000000014656       0x88 ./Core/Src/7led.o
 .debug_macro   0x00000000000146de      0x183 ./Core/Src/7led.o
 .debug_macro   0x0000000000014861      0x141 ./Core/Src/7led.o
 .debug_macro   0x00000000000149a2      0x8d1 ./Core/Src/7led.o
 .debug_macro   0x0000000000015273       0x69 ./Core/Src/7led.o
 .debug_macro   0x00000000000152dc       0x88 ./Core/Src/7led.o
 .debug_macro   0x0000000000015364       0x10 ./Core/Src/7led.o
 .debug_macro   0x0000000000015374       0x16 ./Core/Src/7led.o
 .debug_macro   0x000000000001538a       0x16 ./Core/Src/7led.o
 .debug_macro   0x00000000000153a0       0x2e ./Core/Src/7led.o
 .debug_macro   0x00000000000153ce      0x1ba ./Core/Src/button.o
 .debug_macro   0x0000000000015588      0x1ba ./Core/Src/dc.o
 .debug_macro   0x0000000000015742       0x10 ./Core/Src/dc.o
 .debug_macro   0x0000000000015752      0x1eb ./Core/Src/fsm_automatic.o
 .debug_macro   0x000000000001593d      0x1e1 ./Core/Src/global.o
 .debug_macro   0x0000000000015b1e      0x1ba ./Core/Src/inc.o
 .debug_macro   0x0000000000015cd8       0x10 ./Core/Src/inc.o
 .debug_macro   0x0000000000015ce8      0x1ff ./Core/Src/main.o
 .debug_macro   0x0000000000015ee7      0x201 ./Core/Src/software_timer.o
 .debug_macro   0x00000000000160e8      0x1a7 ./Core/Src/stm32f1xx_hal_msp.o
 .debug_macro   0x000000000001628f      0x1b1 ./Core/Src/stm32f1xx_it.o
 .debug_macro   0x0000000000016440      0x198 ./Core/Src/system_stm32f1xx.o
 .debug_macro   0x00000000000165d8      0x1bc ./Drivers/STM32F1xx_HAL_Driver/Src/stm32f1xx_hal.o
 .debug_macro   0x0000000000016794      0x198 ./Drivers/STM32F1xx_HAL_Driver/Src/stm32f1xx_hal_cortex.o
 .debug_macro   0x000000000001692c      0x203 ./Drivers/STM32F1xx_HAL_Driver/Src/stm32f1xx_hal_gpio.o
 .debug_macro   0x0000000000016b2f      0x1aa ./Drivers/STM32F1xx_HAL_Driver/Src/stm32f1xx_hal_rcc.o
 .debug_macro   0x0000000000016cd9      0x199 ./Drivers/STM32F1xx_HAL_Driver/Src/stm32f1xx_hal_tim.o
 .debug_macro   0x0000000000016e72      0x198 ./Drivers/STM32F1xx_HAL_Driver/Src/stm32f1xx_hal_tim_ex.o

.debug_line     0x0000000000000000     0xc2e8
 .debug_line    0x0000000000000000      0x749 ./Core/Src/7led.o
 .debug_line    0x0000000000000749      0x6de ./Core/Src/button.o
 .debug_line    0x0000000000000e27      0x6d6 ./Core/Src/dc.o
 .debug_line    0x00000000000014fd      0x73b ./Core/Src/fsm_automatic.o
 .debug_line    0x0000000000001c38      0x672 ./Core/Src/global.o
 .debug_line    0x00000000000022aa      0x6d8 ./Core/Src/inc.o
 .debug_line    0x0000000000002982      0x7b6 ./Core/Src/main.o
 .debug_line    0x0000000000003138      0x7a7 ./Core/Src/software_timer.o
 .debug_line    0x00000000000038df      0x695 ./Core/Src/stm32f1xx_hal_msp.o
 .debug_line    0x0000000000003f74      0x733 ./Core/Src/stm32f1xx_it.o
 .debug_line    0x00000000000046a7      0x6d7 ./Core/Src/system_stm32f1xx.o
 .debug_line    0x0000000000004d7e       0x87 ./Core/Startup/startup_stm32f103c6ux.o
 .debug_line    0x0000000000004e05      0x904 ./Drivers/STM32F1xx_HAL_Driver/Src/stm32f1xx_hal.o
 .debug_line    0x0000000000005709      0xaec ./Drivers/STM32F1xx_HAL_Driver/Src/stm32f1xx_hal_cortex.o
 .debug_line    0x00000000000061f5      0x985 ./Drivers/STM32F1xx_HAL_Driver/Src/stm32f1xx_hal_gpio.o
 .debug_line    0x0000000000006b7a      0xd12 ./Drivers/STM32F1xx_HAL_Driver/Src/stm32f1xx_hal_rcc.o
 .debug_line    0x000000000000788c     0x3262 ./Drivers/STM32F1xx_HAL_Driver/Src/stm32f1xx_hal_tim.o
 .debug_line    0x000000000000aaee     0x17fa ./Drivers/STM32F1xx_HAL_Driver/Src/stm32f1xx_hal_tim_ex.o

.debug_str      0x0000000000000000    0x81fbf
 .debug_str     0x0000000000000000    0x7f420 ./Core/Src/7led.o
                                      0x7f77a (size before relaxing)
 .debug_str     0x000000000007f420       0x79 ./Core/Src/button.o
                                      0x7f736 (size before relaxing)
 .debug_str     0x000000000007f499       0x7b ./Core/Src/dc.o
                                      0x7f734 (size before relaxing)
 .debug_str     0x000000000007f514       0x44 ./Core/Src/fsm_automatic.o
                                      0x7f74a (size before relaxing)
 .debug_str     0x000000000007f558       0x15 ./Core/Src/global.o
                                      0x7f71b (size before relaxing)
 .debug_str     0x000000000007f56d       0x85 ./Core/Src/inc.o
                                      0x7f73f (size before relaxing)
 .debug_str     0x000000000007f5f2      0x6df ./Core/Src/main.o
                                      0x7fef2 (size before relaxing)
 .debug_str     0x000000000007fcd1       0xac ./Core/Src/software_timer.o
                                      0x7f7ea (size before relaxing)
 .debug_str     0x000000000007fd7d      0x2ba ./Core/Src/stm32f1xx_hal_msp.o
                                      0x7fe55 (size before relaxing)
 .debug_str     0x0000000000080037       0xcd ./Core/Src/stm32f1xx_it.o
                                      0x7fbb7 (size before relaxing)
 .debug_str     0x0000000000080104       0x52 ./Core/Src/system_stm32f1xx.o
                                      0x7f4f0 (size before relaxing)
 .debug_str     0x0000000000080156       0x36 ./Core/Startup/startup_stm32f103c6ux.o
                                         0x5b (size before relaxing)
 .debug_str     0x000000000008018c      0x304 ./Drivers/STM32F1xx_HAL_Driver/Src/stm32f1xx_hal.o
                                      0x7fb47 (size before relaxing)
 .debug_str     0x0000000000080490      0x300 ./Drivers/STM32F1xx_HAL_Driver/Src/stm32f1xx_hal_cortex.o
                                      0x7fb4f (size before relaxing)
 .debug_str     0x0000000000080790      0x324 ./Drivers/STM32F1xx_HAL_Driver/Src/stm32f1xx_hal_gpio.o
                                      0x7f8b4 (size before relaxing)
 .debug_str     0x0000000000080ab4      0x24f ./Drivers/STM32F1xx_HAL_Driver/Src/stm32f1xx_hal_rcc.o
                                      0x7f8ed (size before relaxing)
 .debug_str     0x0000000000080d03      0xdce ./Drivers/STM32F1xx_HAL_Driver/Src/stm32f1xx_hal_tim.o
                                      0x808bf (size before relaxing)
 .debug_str     0x0000000000081ad1      0x4ee ./Drivers/STM32F1xx_HAL_Driver/Src/stm32f1xx_hal_tim_ex.o
                                      0x80070 (size before relaxing)

.comment        0x0000000000000000       0x53
 .comment       0x0000000000000000       0x53 ./Core/Src/7led.o
                                         0x54 (size before relaxing)
 .comment       0x0000000000000053       0x54 ./Core/Src/button.o
 .comment       0x0000000000000053       0x54 ./Core/Src/dc.o
 .comment       0x0000000000000053       0x54 ./Core/Src/fsm_automatic.o
 .comment       0x0000000000000053       0x54 ./Core/Src/global.o
 .comment       0x0000000000000053       0x54 ./Core/Src/inc.o
 .comment       0x0000000000000053       0x54 ./Core/Src/main.o
 .comment       0x0000000000000053       0x54 ./Core/Src/software_timer.o
 .comment       0x0000000000000053       0x54 ./Core/Src/stm32f1xx_hal_msp.o
 .comment       0x0000000000000053       0x54 ./Core/Src/stm32f1xx_it.o
 .comment       0x0000000000000053       0x54 ./Core/Src/system_stm32f1xx.o
 .comment       0x0000000000000053       0x54 ./Drivers/STM32F1xx_HAL_Driver/Src/stm32f1xx_hal.o
 .comment       0x0000000000000053       0x54 ./Drivers/STM32F1xx_HAL_Driver/Src/stm32f1xx_hal_cortex.o
 .comment       0x0000000000000053       0x54 ./Drivers/STM32F1xx_HAL_Driver/Src/stm32f1xx_hal_gpio.o
 .comment       0x0000000000000053       0x54 ./Drivers/STM32F1xx_HAL_Driver/Src/stm32f1xx_hal_rcc.o
 .comment       0x0000000000000053       0x54 ./Drivers/STM32F1xx_HAL_Driver/Src/stm32f1xx_hal_tim.o
 .comment       0x0000000000000053       0x54 ./Drivers/STM32F1xx_HAL_Driver/Src/stm32f1xx_hal_tim_ex.o

.debug_frame    0x0000000000000000     0x28b4
 .debug_frame   0x0000000000000000       0x38 ./Core/Src/7led.o
 .debug_frame   0x0000000000000038       0x6c ./Core/Src/button.o
 .debug_frame   0x00000000000000a4       0x6c ./Core/Src/dc.o
 .debug_frame   0x0000000000000110       0x2c ./Core/Src/fsm_automatic.o
 .debug_frame   0x000000000000013c       0x6c ./Core/Src/inc.o
 .debug_frame   0x00000000000001a8       0xd4 ./Core/Src/main.o
 .debug_frame   0x000000000000027c      0x140 ./Core/Src/software_timer.o
 .debug_frame   0x00000000000003bc       0x80 ./Core/Src/stm32f1xx_hal_msp.o
 .debug_frame   0x000000000000043c      0x120 ./Core/Src/stm32f1xx_it.o
 .debug_frame   0x000000000000055c       0x58 ./Core/Src/system_stm32f1xx.o
 .debug_frame   0x00000000000005b4      0x334 ./Drivers/STM32F1xx_HAL_Driver/Src/stm32f1xx_hal.o
 .debug_frame   0x00000000000008e8      0x428 ./Drivers/STM32F1xx_HAL_Driver/Src/stm32f1xx_hal_cortex.o
 .debug_frame   0x0000000000000d10      0x14c ./Drivers/STM32F1xx_HAL_Driver/Src/stm32f1xx_hal_gpio.o
 .debug_frame   0x0000000000000e5c      0x21c ./Drivers/STM32F1xx_HAL_Driver/Src/stm32f1xx_hal_rcc.o
 .debug_frame   0x0000000000001078     0x11b8 ./Drivers/STM32F1xx_HAL_Driver/Src/stm32f1xx_hal_tim.o
 .debug_frame   0x0000000000002230      0x638 ./Drivers/STM32F1xx_HAL_Driver/Src/stm32f1xx_hal_tim_ex.o
 .debug_frame   0x0000000000002868       0x2c d:/stm32cubeide_1.7.0/stm32cubeide/plugins/com.st.stm32cube.ide.mcu.externaltools.gnu-tools-for-stm32.9-2020-q2-update.win32_2.0.0.202105311346/tools/bin/../lib/gcc/arm-none-eabi/9.3.1/../../../../arm-none-eabi/lib/thumb/v7-m/nofp\libc_nano.a(lib_a-init.o)
 .debug_frame   0x0000000000002894       0x20 d:/stm32cubeide_1.7.0/stm32cubeide/plugins/com.st.stm32cube.ide.mcu.externaltools.gnu-tools-for-stm32.9-2020-q2-update.win32_2.0.0.202105311346/tools/bin/../lib/gcc/arm-none-eabi/9.3.1/../../../../arm-none-eabi/lib/thumb/v7-m/nofp\libc_nano.a(lib_a-memset.o)
